I'm sorry, but errors were detected in your script. Please correct the
errors listed below, and try again.


File "game/script.rpy", line 21: choice menuitem expects a non-empty block.
    "Story 1" if persistent.storage_story_00000_00000:
                                                      ^

Ren'Py Version: Ren'Py 8.1.3.23091805
Sat Oct 21 19:05:06 2023
